39cafebb1fa50a5bff7920424cdcd60fe0f0aab7e23f35620db3ea3e