1b8d0a4b2d5d84cb268d8133387f0e3c8680e781be3fee2970e3150a