30e02ff8576298babd301cee58928d7b320364abeae556c46e3cf42d