53f6b39d3dfc9d1b8886dc9d51a0c892dd7c1495aee3283813c8a520